// Jest Snapshot v1, https://goo.gl/fbAQLP

exports[`traceTestReportArtifact test junit spans match snapshot 1`] = `
Array [
  Span {
    "_attributeValueLengthLimit": Infinity,
    "_duration": Array [
      13,
      0,
    ],
    "_ended": true,
    "_spanContext": Object {
      "spanId": "1234567894",
      "traceFlags": 1,
      "traceId": "1234567894",
      "traceState": undefined,
    },
    "_spanLimits": Object {
      "attributeCountLimit": 128,
      "attributeValueLengthLimit": Infinity,
      "eventCountLimit": 128,
      "linkCountLimit": 128,
    },
    "_spanProcessor": MultiSpanProcessor {
      "_spanProcessors": Array [
        SimpleSpanProcessor {
          "_exporter": InMemorySpanExporter {
            "_finishedSpans": [Circular],
            "_stopped": false,
          },
          "_isShutdown": false,
          "_shuttingDownPromise": Promise {},
        },
      ],
    },
    "attributes": Object {
      "tests.testCase.duration": 13,
      "tests.testCase.errors": 0,
      "tests.testCase.failed": 0,
      "tests.testCase.failure": "",
      "tests.testCase.name": "createTracerProvider test service.name resource",
      "tests.testCase.passed": 0,
      "tests.testCase.skipped": 0,
      "tests.testCase.stack_trace": "",
      "tests.testCase.status": "PASS",
      "tests.testCase.total": 0,
    },
    "endTime": Array [
      1642848343,
      0,
    ],
    "events": Array [],
    "instrumentationLibrary": Object {
      "name": "default",
      "version": undefined,
    },
    "kind": 0,
    "links": Array [],
    "name": "createTracerProvider test service.name resource",
    "parentSpanId": undefined,
    "resource": Resource {
      "attributes": Object {
        "service.name": "traceTestReportArtifact - test",
        "telemetry.sdk.language": "nodejs",
        "telemetry.sdk.name": "opentelemetry",
        "telemetry.sdk.version": "1.0.1",
      },
    },
    "startTime": Array [
      1642848330,
      0,
    ],
    "status": Object {
      "code": 0,
    },
  },
  Span {
    "_attributeValueLengthLimit": Infinity,
    "_duration": Array [
      29,
      0,
    ],
    "_ended": true,
    "_spanContext": Object {
      "spanId": "1234567895",
      "traceFlags": 1,
      "traceId": "1234567895",
      "traceState": undefined,
    },
    "_spanLimits": Object {
      "attributeCountLimit": 128,
      "attributeValueLengthLimit": Infinity,
      "eventCountLimit": 128,
      "linkCountLimit": 128,
    },
    "_spanProcessor": MultiSpanProcessor {
      "_spanProcessors": Array [
        SimpleSpanProcessor {
          "_exporter": InMemorySpanExporter {
            "_finishedSpans": [Circular],
            "_stopped": false,
          },
          "_isShutdown": false,
          "_shuttingDownPromise": Promise {},
        },
      ],
    },
    "attributes": Object {
      "tests.testCase.duration": 29,
      "tests.testCase.errors": 0,
      "tests.testCase.failed": 0,
      "tests.testCase.failure": "",
      "tests.testCase.name": "createTracerProvider test service.instance.id resource",
      "tests.testCase.passed": 0,
      "tests.testCase.skipped": 0,
      "tests.testCase.stack_trace": "",
      "tests.testCase.status": "PASS",
      "tests.testCase.total": 0,
    },
    "endTime": Array [
      1642848372,
      0,
    ],
    "events": Array [],
    "instrumentationLibrary": Object {
      "name": "default",
      "version": undefined,
    },
    "kind": 0,
    "links": Array [],
    "name": "createTracerProvider test service.instance.id resource",
    "parentSpanId": undefined,
    "resource": Resource {
      "attributes": Object {
        "service.name": "traceTestReportArtifact - test",
        "telemetry.sdk.language": "nodejs",
        "telemetry.sdk.name": "opentelemetry",
        "telemetry.sdk.version": "1.0.1",
      },
    },
    "startTime": Array [
      1642848343,
      0,
    ],
    "status": Object {
      "code": 0,
    },
  },
  Span {
    "_attributeValueLengthLimit": Infinity,
    "_duration": Array [
      2,
      0,
    ],
    "_ended": true,
    "_spanContext": Object {
      "spanId": "1234567896",
      "traceFlags": 1,
      "traceId": "1234567896",
      "traceState": undefined,
    },
    "_spanLimits": Object {
      "attributeCountLimit": 128,
      "attributeValueLengthLimit": Infinity,
      "eventCountLimit": 128,
      "linkCountLimit": 128,
    },
    "_spanProcessor": MultiSpanProcessor {
      "_spanProcessors": Array [
        SimpleSpanProcessor {
          "_exporter": InMemorySpanExporter {
            "_finishedSpans": [Circular],
            "_stopped": false,
          },
          "_isShutdown": false,
          "_shuttingDownPromise": Promise {},
        },
      ],
    },
    "attributes": Object {
      "tests.testCase.duration": 2,
      "tests.testCase.errors": 0,
      "tests.testCase.failed": 0,
      "tests.testCase.failure": "",
      "tests.testCase.name": "createTracerProvider test service.namespace resource",
      "tests.testCase.passed": 0,
      "tests.testCase.skipped": 0,
      "tests.testCase.stack_trace": "",
      "tests.testCase.status": "PASS",
      "tests.testCase.total": 0,
    },
    "endTime": Array [
      1642848374,
      0,
    ],
    "events": Array [],
    "instrumentationLibrary": Object {
      "name": "default",
      "version": undefined,
    },
    "kind": 0,
    "links": Array [],
    "name": "createTracerProvider test service.namespace resource",
    "parentSpanId": undefined,
    "resource": Resource {
      "attributes": Object {
        "service.name": "traceTestReportArtifact - test",
        "telemetry.sdk.language": "nodejs",
        "telemetry.sdk.name": "opentelemetry",
        "telemetry.sdk.version": "1.0.1",
      },
    },
    "startTime": Array [
      1642848372,
      0,
    ],
    "status": Object {
      "code": 0,
    },
  },
  Span {
    "_attributeValueLengthLimit": Infinity,
    "_duration": Array [
      3,
      0,
    ],
    "_ended": true,
    "_spanContext": Object {
      "spanId": "1234567897",
      "traceFlags": 1,
      "traceId": "1234567897",
      "traceState": undefined,
    },
    "_spanLimits": Object {
      "attributeCountLimit": 128,
      "attributeValueLengthLimit": Infinity,
      "eventCountLimit": 128,
      "linkCountLimit": 128,
    },
    "_spanProcessor": MultiSpanProcessor {
      "_spanProcessors": Array [
        SimpleSpanProcessor {
          "_exporter": InMemorySpanExporter {
            "_finishedSpans": [Circular],
            "_stopped": false,
          },
          "_isShutdown": false,
          "_shuttingDownPromise": Promise {},
        },
      ],
    },
    "attributes": Object {
      "tests.testCase.duration": 3,
      "tests.testCase.errors": 0,
      "tests.testCase.failed": 0,
      "tests.testCase.failure": "",
      "tests.testCase.name": "createTracerProvider test active span processor",
      "tests.testCase.passed": 0,
      "tests.testCase.skipped": 0,
      "tests.testCase.stack_trace": "",
      "tests.testCase.status": "PASS",
      "tests.testCase.total": 0,
    },
    "endTime": Array [
      1642848377,
      0,
    ],
    "events": Array [],
    "instrumentationLibrary": Object {
      "name": "default",
      "version": undefined,
    },
    "kind": 0,
    "links": Array [],
    "name": "createTracerProvider test active span processor",
    "parentSpanId": undefined,
    "resource": Resource {
      "attributes": Object {
        "service.name": "traceTestReportArtifact - test",
        "telemetry.sdk.language": "nodejs",
        "telemetry.sdk.name": "opentelemetry",
        "telemetry.sdk.version": "1.0.1",
      },
    },
    "startTime": Array [
      1642848374,
      0,
    ],
    "status": Object {
      "code": 0,
    },
  },
  Span {
    "_attributeValueLengthLimit": Infinity,
    "_duration": Array [
      3581,
      0,
    ],
    "_ended": true,
    "_spanContext": Object {
      "spanId": "1234567893",
      "traceFlags": 1,
      "traceId": "1234567893",
      "traceState": undefined,
    },
    "_spanLimits": Object {
      "attributeCountLimit": 128,
      "attributeValueLengthLimit": Infinity,
      "eventCountLimit": 128,
      "linkCountLimit": 128,
    },
    "_spanProcessor": MultiSpanProcessor {
      "_spanProcessors": Array [
        SimpleSpanProcessor {
          "_exporter": InMemorySpanExporter {
            "_finishedSpans": [Circular],
            "_stopped": false,
          },
          "_isShutdown": false,
          "_shuttingDownPromise": Promise {},
        },
      ],
    },
    "attributes": Object {
      "tests.testSuite.duration": 3581,
      "tests.testSuite.errors": 0,
      "tests.testSuite.failed": 0,
      "tests.testSuite.name": "createTracerProvider",
      "tests.testSuite.passed": 4,
      "tests.testSuite.skipped": 0,
      "tests.testSuite.status": "PASS",
      "tests.testSuite.total": 4,
    },
    "endTime": Array [
      1642851911,
      0,
    ],
    "events": Array [],
    "instrumentationLibrary": Object {
      "name": "default",
      "version": undefined,
    },
    "kind": 0,
    "links": Array [],
    "name": "createTracerProvider",
    "parentSpanId": undefined,
    "resource": Resource {
      "attributes": Object {
        "service.name": "traceTestReportArtifact - test",
        "telemetry.sdk.language": "nodejs",
        "telemetry.sdk.name": "opentelemetry",
        "telemetry.sdk.version": "1.0.1",
      },
    },
    "startTime": Array [
      1642848330,
      0,
    ],
    "status": Object {
      "code": 0,
    },
  },
  Span {
    "_attributeValueLengthLimit": Infinity,
    "_duration": Array [
      1,
      0,
    ],
    "_ended": true,
    "_spanContext": Object {
      "spanId": "1234567899",
      "traceFlags": 1,
      "traceId": "1234567899",
      "traceState": undefined,
    },
    "_spanLimits": Object {
      "attributeCountLimit": 128,
      "attributeValueLengthLimit": Infinity,
      "eventCountLimit": 128,
      "linkCountLimit": 128,
    },
    "_spanProcessor": MultiSpanProcessor {
      "_spanProcessors": Array [
        SimpleSpanProcessor {
          "_exporter": InMemorySpanExporter {
            "_finishedSpans": [Circular],
            "_stopped": false,
          },
          "_isShutdown": false,
          "_shuttingDownPromise": Promise {},
        },
      ],
    },
    "attributes": Object {
      "tests.testCase.duration": 1,
      "tests.testCase.errors": 0,
      "tests.testCase.failed": 0,
      "tests.testCase.failure": "",
      "tests.testCase.name": "traceTestReportArtifact test junit.xml",
      "tests.testCase.passed": 0,
      "tests.testCase.skipped": 0,
      "tests.testCase.stack_trace": "",
      "tests.testCase.status": "PASS",
      "tests.testCase.total": 0,
    },
    "endTime": Array [
      1642848331,
      0,
    ],
    "events": Array [],
    "instrumentationLibrary": Object {
      "name": "default",
      "version": undefined,
    },
    "kind": 0,
    "links": Array [],
    "name": "traceTestReportArtifact test junit.xml",
    "parentSpanId": undefined,
    "resource": Resource {
      "attributes": Object {
        "service.name": "traceTestReportArtifact - test",
        "telemetry.sdk.language": "nodejs",
        "telemetry.sdk.name": "opentelemetry",
        "telemetry.sdk.version": "1.0.1",
      },
    },
    "startTime": Array [
      1642848330,
      0,
    ],
    "status": Object {
      "code": 0,
    },
  },
  Span {
    "_attributeValueLengthLimit": Infinity,
    "_duration": Array [
      178,
      0,
    ],
    "_ended": true,
    "_spanContext": Object {
      "spanId": "1234567898",
      "traceFlags": 1,
      "traceId": "1234567898",
      "traceState": undefined,
    },
    "_spanLimits": Object {
      "attributeCountLimit": 128,
      "attributeValueLengthLimit": Infinity,
      "eventCountLimit": 128,
      "linkCountLimit": 128,
    },
    "_spanProcessor": MultiSpanProcessor {
      "_spanProcessors": Array [
        SimpleSpanProcessor {
          "_exporter": InMemorySpanExporter {
            "_finishedSpans": [Circular],
            "_stopped": false,
          },
          "_isShutdown": false,
          "_shuttingDownPromise": Promise {},
        },
      ],
    },
    "attributes": Object {
      "tests.testSuite.duration": 178,
      "tests.testSuite.errors": 0,
      "tests.testSuite.failed": 0,
      "tests.testSuite.name": "traceTestReportArtifact",
      "tests.testSuite.passed": 1,
      "tests.testSuite.skipped": 0,
      "tests.testSuite.status": "PASS",
      "tests.testSuite.total": 1,
    },
    "endTime": Array [
      1642848508,
      0,
    ],
    "events": Array [],
    "instrumentationLibrary": Object {
      "name": "default",
      "version": undefined,
    },
    "kind": 0,
    "links": Array [],
    "name": "traceTestReportArtifact",
    "parentSpanId": undefined,
    "resource": Resource {
      "attributes": Object {
        "service.name": "traceTestReportArtifact - test",
        "telemetry.sdk.language": "nodejs",
        "telemetry.sdk.name": "opentelemetry",
        "telemetry.sdk.version": "1.0.1",
      },
    },
    "startTime": Array [
      1642848330,
      0,
    ],
    "status": Object {
      "code": 0,
    },
  },
  Span {
    "_attributeValueLengthLimit": Infinity,
    "_duration": Array [
      4,
      0,
    ],
    "_ended": true,
    "_spanContext": Object {
      "spanId": "1234567892",
      "traceFlags": 1,
      "traceId": "1234567892",
      "traceState": undefined,
    },
    "_spanLimits": Object {
      "attributeCountLimit": 128,
      "attributeValueLengthLimit": Infinity,
      "eventCountLimit": 128,
      "linkCountLimit": 128,
    },
    "_spanProcessor": MultiSpanProcessor {
      "_spanProcessors": Array [
        SimpleSpanProcessor {
          "_exporter": InMemorySpanExporter {
            "_finishedSpans": [Circular],
            "_stopped": false,
          },
          "_isShutdown": false,
          "_shuttingDownPromise": Promise {},
        },
      ],
    },
    "attributes": Object {
      "tests.errors": 0,
      "tests.failed": 0,
      "tests.name": "jest tests",
      "tests.passed": 5,
      "tests.retried": 0,
      "tests.skipped": 0,
      "tests.status": "PASS",
      "tests.total": 5,
      "tests.type": "junit",
    },
    "endTime": Array [
      1642848334,
      0,
    ],
    "events": Array [],
    "instrumentationLibrary": Object {
      "name": "default",
      "version": undefined,
    },
    "kind": 0,
    "links": Array [],
    "name": "test step span",
    "parentSpanId": undefined,
    "resource": Resource {
      "attributes": Object {
        "service.name": "traceTestReportArtifact - test",
        "telemetry.sdk.language": "nodejs",
        "telemetry.sdk.name": "opentelemetry",
        "telemetry.sdk.version": "1.0.1",
      },
    },
    "startTime": Array [
      1642848330,
      0,
    ],
    "status": Object {
      "code": 0,
    },
  },
]
`;
